=== GENERATING PRISMA ===
node : Prisma schema 
loaded from 
prisma\schema.prisma.
At line:1 char:1
+ node run_all.js > 
test_output.log 2>&1
+ ~~~~~~~~~~~~~~~~~~~~~
~~~~~~~~~~~~~~~~~
    + CategoryInfo     
         : NotSpecifi  
  ed: (Prisma schema   
  l...\schema.prism    
a.:String) [], Rem    
oteException
    + FullyQualifiedEr 
   rorId : NativeComm  
  andError
 
Error: Prisma schema 
validation - 
(get-config wasm)
Error code: P1012
error: The datasource 
property `url` is no 
longer supported in 
schema files. Move 
connection URLs for 
Migrate to 
`prisma.config.ts` and 
pass either `adapter` 
for a direct database 
connection or 
`accelerateUrl` for 
Accelerate to the 
`PrismaClient` 
constructor. See https:
//pris.ly/d/config-data
source and https://pris
.ly/d/prisma7-client-co
nfig
  -->  
prisma\schema.prisma:7
   | 
 6 |   provider = 
"postgresql"
 7 |   url = "postgresq
l://postgres:W7ZLLgOZSJ
ley0UN@db.sjezasjszvtrl
pplxuuu.supabase.co:543
2/postgres?sslmode=requ
ire"
   | 

Validation Error 
Count: 1
[Context: getConfig]

Prisma CLI Version : 
7.5.0
node:child_process:1000
    throw err;
    ^

Error: Command failed: 
node ./node_modules/pri
sma/build/index.js 
generate
    at 
genericNodeError (node:
internal/errors:985:15)
    at wrappedFn (node:
internal/errors:539:14)
    at 
checkExecSyncError (nod
e:child_process:925:11)
    at Object.execSync 
(node:child_process:997
:15)
    at 
Object.<anonymous> 
(C:\Users\LAPTOP WORLD\
projecte\ai-chat-app\ba
ckend\run_all.js:4:4)
    at Module._compile 
(node:internal/modules/
cjs/loader:1761:14)
    at Object..js (node
:internal/modules/cjs/l
oader:1893:10)
    at Module.load (nod
e:internal/modules/cjs/
loader:1481:32)
    at Module._load (no
de:internal/modules/cjs
/loader:1300:12)
    at TracingChannel.t
raceSync (node:diagnost
ics_channel:328:14) {
  status: 1,
  signal: null,
  output: [ null, 
null, null ],
  pid: 11536,
  stdout: null,
  stderr: null
}

Node.js v24.12.0
